// Vitest Snapshot v1, https://vitest.dev/guide/snapshot.html

exports[`should match snapshot 1`] = `
<DocumentFragment>
  <form
    method="post"
  >
    <button
      class="btn text-light"
      type="submit"
    >
      <strong>
        Logout
      </strong>
    </button>
  </form>
</DocumentFragment>
`;
