// Vitest Snapshot v1, https://vitest.dev/guide/snapshot.html

exports[`should match snapshot 1`] = `
<DocumentFragment>
  <h1
    class="mt-4 text-white"
  >
    Sign Up!
  </h1>
  <form
    action="#"
    class="d-flex flex-column col col-6 m-auto p-5 pt-3 border border-3 rounded border-dark bg-white"
  >
    <label
      for="username"
    >
      Username
    </label>
    <input
      class="text-input"
      id="username"
      name="username"
      type="text"
      value=""
    />
    <label
      for="password"
    >
      Password
    </label>
    <input
      class="text-input"
      id="password"
      name="password"
      type="password"
      value=""
    />
    <label
      for="firstName"
    >
      First Name
    </label>
    <input
      class="text-input"
      id="firstName"
      name="firstName"
      type="text"
      value=""
    />
    <label
      for="lastName"
    >
      Last Name
    </label>
    <input
      class="text-input"
      id="lastName"
      name="lastName"
      type="text"
      value=""
    />
    <label
      for="email"
    >
      Email
    </label>
    <input
      class="text-input"
      id="email"
      name="email"
      type="email"
      value=""
    />
    <button
      class="btn btn-primary mt-2"
      type="submit"
    >
      Submit
    </button>
  </form>
</DocumentFragment>
`;
